\BOOKMARK [1][-]{section.1}{\376\377\000I\000N\000T\000R\000O\000D\000U\000C\000T\000I\000O\000N\000\040\000-\000\040\000T\000H\000E\000\040\000M\000O\000M\000E\000N\000T\000\040\000W\000E\000\040\000A\000R\000E\000\040\000I\000N}{}% 1
\BOOKMARK [1][-]{section.2}{\376\377\000C\000O\000N\000T\000E\000X\000T\000\040\000-\000\040\000T\000E\000C\000H\000N\000O\000L\000O\000G\000Y\000\040\000\046\000\040\000E\000D\000U\000C\000A\000T\000I\000O\000N\000\040\000\050\000p\000a\000s\000t\000,\000\040\000p\000r\000e\000s\000e\000n\000t\000\040\000\046\000\040\000f\000u\000t\000u\000r\000e\000\051}{}% 2
\BOOKMARK [2][-]{subsection.2.1}{\376\377\000T\000h\000e\000\040\000p\000a\000s\000t\000\040\000-\000\040\000t\000e\000c\000h\000n\000o\000l\000o\000g\000y\000\040\000a\000s\000\040\000a\000n\000\040\000o\000b\000j\000e\000c\000t\000\040\000o\000f\000\040\000k\000n\000o\000w\000l\000e\000d\000g\000e}{section.2}% 3
\BOOKMARK [2][-]{subsection.2.2}{\376\377\000T\000h\000e\000\040\000p\000r\000e\000s\000e\000n\000t\000\040\000-\000\040\000t\000e\000c\000h\000n\000o\000l\000o\000g\000y\000\040\000a\000s\000\040\000i\000n\000s\000t\000r\000u\000m\000e\000n\000t}{section.2}% 4
\BOOKMARK [2][-]{subsection.2.3}{\376\377\000T\000h\000e\000\040\000\050\000e\000m\000e\000r\000g\000i\000n\000g\000\051\000\040\000f\000u\000t\000u\000r\000e\000\040\000-\000\040\000t\000e\000c\000h\000n\000o\000l\000o\000g\000y\000\040\000a\000s\000\040\000a\000\040\000c\000o\000n\000d\000i\000t\000i\000o\000n\000\040\000o\000f\000\040\000t\000h\000o\000u\000g\000h\000t}{section.2}% 5
\BOOKMARK [1][-]{section.3}{\376\377\000W\000H\000Y\000\040\000C\000R\000I\000T\000I\000C\000A\000L\000\040\000T\000H\000I\000N\000K\000I\000N\000G\000\040\000B\000E\000C\000O\000M\000E\000S\000\040\000C\000E\000N\000T\000R\000A\000L\000\040\000I\000N\000\040\000T\000H\000E\000\040\000A\000G\000E\000\040\000O\000F\000\040\000L\000L\000M\000s}{}% 6
\BOOKMARK [2][-]{subsection.3.1}{\376\377\000W\000h\000a\000t\000\040\000i\000s\000\040\000c\000r\000i\000t\000i\000c\000a\000l\000\040\000t\000h\000i\000n\000k\000i\000n\000g\000?}{section.3}% 7
\BOOKMARK [2][-]{subsection.3.2}{\376\377\000C\000r\000i\000t\000i\000c\000a\000l\000\040\000t\000h\000i\000n\000k\000i\000n\000g\000\040\000a\000s\000\040\000a\000\040\000t\000r\000a\000i\000n\000a\000b\000l\000e\000\040\000c\000o\000g\000n\000i\000t\000i\000v\000e\000\040\000p\000r\000a\000c\000t\000i\000c\000e}{section.3}% 8
\BOOKMARK [2][-]{subsection.3.3}{\376\377\000W\000h\000y\000\040\000L\000L\000M\000s\000\040\000m\000a\000k\000e\000\040\000c\000r\000i\000t\000i\000c\000a\000l\000\040\000t\000h\000i\000n\000k\000i\000n\000g\000\040\000s\000t\000r\000u\000c\000t\000u\000r\000a\000l\000l\000y\000\040\000n\000e\000c\000e\000s\000s\000a\000r\000y}{section.3}% 9
\BOOKMARK [1][-]{section.4}{\376\377\000F\000R\000O\000M\000\040\000D\000E\000M\000O\000C\000R\000A\000T\000I\000Z\000A\000T\000I\000O\000N\000\040\000T\000O\000\040\000T\000E\000C\000H\000N\000O\000L\000O\000G\000I\000C\000A\000L\000\040\000S\000O\000V\000E\000R\000E\000I\000G\000N\000T\000Y}{}% 10
\BOOKMARK [2][-]{subsection.4.1}{\376\377\000L\000i\000m\000i\000t\000s\000\040\000o\000f\000\040\040\034\000u\000s\000e\000r\000-\000f\000r\000i\000e\000n\000d\000l\000y\000\040\000d\000e\000m\000o\000c\000r\000a\000t\000i\000z\000a\000t\000i\000o\000n\040\035}{section.4}% 11
\BOOKMARK [2][-]{subsection.4.2}{\376\377\000T\000e\000c\000h\000n\000o\000l\000o\000g\000i\000c\000a\000l\000\040\000s\000o\000v\000e\000r\000e\000i\000g\000n\000t\000y}{section.4}% 12
\BOOKMARK [2][-]{subsection.4.3}{\376\377\000T\000h\000e\000\040\000r\000o\000l\000e\000\040\000o\000f\000\040\000f\000r\000i\000c\000t\000i\000o\000n\000\040\000i\000n\000\040\000l\000e\000a\000r\000n\000i\000n\000g}{section.4}% 13
\BOOKMARK [1][-]{section.5}{\376\377\000E\000D\000U\000C\000A\000T\000I\000O\000N\000A\000L\000\040\000F\000R\000A\000M\000E\000W\000O\000R\000K\000\040\000F\000O\000R\000\040\000T\000H\000E\000\040\000A\000G\000E\000\040\000O\000F\000\040\000L\000L\000M\000s}{}% 14
\BOOKMARK [2][-]{subsection.5.1}{\376\377\000W\000h\000a\000t\000\040\000i\000s\000\040\000a\000n\000\040\000e\000d\000u\000c\000a\000t\000i\000o\000n\000a\000l\000\040\000f\000r\000a\000m\000e\000w\000o\000r\000k\000?}{section.5}% 15
\BOOKMARK [2][-]{subsection.5.2}{\376\377\000D\000e\000s\000i\000g\000n\000\040\000p\000r\000i\000n\000c\000i\000p\000l\000e\000s\000\040\000o\000f\000\040\000t\000h\000e\000\040\000p\000r\000o\000p\000o\000s\000e\000d\000\040\000f\000r\000a\000m\000e\000w\000o\000r\000k}{section.5}% 16
\BOOKMARK [2][-]{subsection.5.3}{\376\377\000S\000t\000r\000u\000c\000t\000u\000r\000e\000\040\000o\000f\000\040\000c\000r\000i\000t\000i\000c\000a\000l\000\040\000t\000h\000i\000n\000k\000i\000n\000g\000\040\000d\000e\000v\000e\000l\000o\000p\000m\000e\000n\000t}{section.5}% 17
\BOOKMARK [2][-]{subsection.5.4}{\376\377\000M\000e\000a\000s\000u\000r\000i\000n\000g\000\040\000e\000d\000u\000c\000a\000t\000i\000o\000n\000a\000l\000\040\000i\000m\000p\000a\000c\000t}{section.5}% 18
\BOOKMARK [2][-]{subsection.5.5}{\376\377\000M\000o\000d\000u\000l\000a\000r\000i\000t\000y\000\040\000a\000n\000d\000\040\000a\000d\000a\000p\000t\000a\000b\000i\000l\000i\000t\000y}{section.5}% 19
\BOOKMARK [1][-]{section.6}{\376\377\000I\000M\000P\000L\000E\000M\000E\000N\000T\000A\000T\000I\000O\000N\000\040\000I\000N\000\040\000P\000R\000A\000C\000T\000I\000C\000E}{}% 20
\BOOKMARK [2][-]{subsection.6.1}{\376\377\000P\000e\000d\000a\000g\000o\000g\000i\000c\000a\000l\000\040\000s\000t\000r\000a\000t\000e\000g\000i\000e\000s}{section.6}% 21
\BOOKMARK [2][-]{subsection.6.2}{\376\377\000L\000e\000a\000r\000n\000i\000n\000g\000\040\000e\000n\000v\000i\000r\000o\000n\000m\000e\000n\000t\000s}{section.6}% 22
\BOOKMARK [2][-]{subsection.6.3}{\376\377\000E\000d\000u\000c\000a\000t\000i\000n\000g\000\040\000e\000d\000u\000c\000a\000t\000o\000r\000s}{section.6}% 23
\BOOKMARK [1][-]{section.7}{\376\377\000C\000A\000S\000E\000\040\000S\000T\000U\000D\000I\000E\000S}{}% 24
\BOOKMARK [2][-]{subsection.7.1}{\376\377\000F\000P}{section.7}% 25
\BOOKMARK [2][-]{subsection.7.2}{\376\377\000O\000N\000C\000E}{section.7}% 26
\BOOKMARK [2][-]{subsection.7.3}{\376\377\000L\000e\000s\000s\000o\000n\000s\000\040\000l\000e\000a\000r\000n\000e\000d}{section.7}% 27
\BOOKMARK [1][-]{section.8}{\376\377\000T\000o\000w\000a\000r\000d\000\040\000a\000\040\000P\000e\000d\000a\000g\000o\000g\000i\000c\000a\000l\000\040\000P\000l\000a\000y\000b\000o\000o\000k}{}% 28
\BOOKMARK [1][-]{section.9}{\376\377\000C\000o\000n\000c\000l\000u\000s\000i\000o\000n}{}% 29
